To prepare your service environment and start the data plane proxy,
follow the [Installing Transparent Proxy](/docs/2.9.1/networking/transparent-proxying/)
guide up to [Step 0: Install the Transparent Proxy](/docs/2.9.1/networking/transparent-proxying/).