## Step 1: Ensure the correct version of iptables.

To prepare your service environment and start the data plane proxy,
follow the [Installing Transparent Proxy](/docs/2.9.1/networking/transparent-proxying/)
guide up to [Step 2: Install the Transparent Proxy](/docs/2.9.1/networking/transparent-proxying/).