<div class="tabs-component" data-tab-use-url-fragment="false">
  <ul role="tablist" class="tabs-component-tabs">
    
      <li class="tabs-component-tab is-active" role="presentation">
        <a
          aria-controls="Kubernetes"
          aria-selected="true"
          href="#Kubernetes"
          class="tabs-component-tab-a"
          role="tab"
          data-slug="Kubernetes"
          >
            Kubernetes 
        </a>
      </li>
    
      <li class="tabs-component-tab " role="presentation">
        <a
          aria-controls="Universal"
          aria-selected="false"
          href="#Universal"
          class="tabs-component-tab-a"
          role="tab"
          data-slug="Universal"
          >
            Universal 
        </a>
      </li>
    
  </ul>

  <div class="tabs-component-panels">
    
      <section
        aria-hidden="false"
        class="tabs-component-panel "
        id="Kubernetes"
        role="tabpanel"
        data-panel="Kubernetes"
      >
        
<div class="language-yaml highlighter-rouge"><div class="highlight"><pre class="highlight"><code><span class="na">apiVersion</span><span class="pi">:</span> <span class="s">kuma.io/v1alpha1</span>
<span class="na">kind</span><span class="pi">:</span>
<span class="na">metadata</span><span class="pi">:</span>
  <span class="na">name</span><span class="pi">:</span>
  <span class="na">namespace</span><span class="pi">:</span>
  <span class="na">labels</span><span class="pi">:</span>
    <span class="na">kuma.io/mesh</span><span class="pi">:</span> <span class="s">default</span>
<span class="na">spec</span><span class="pi">:</span>
  <span class="na">to</span><span class="pi">:</span>
  <span class="pi">-</span> <span class="na">targetRef</span><span class="pi">:</span>
      <span class="na">kind</span><span class="pi">:</span> <span class="s">MeshService</span>
      <span class="na">name</span><span class="pi">:</span> <span class="s">example-service</span>
      <span class="na">namespace</span><span class="pi">:</span> <span class="s">test</span>
      <span class="na">sectionName</span><span class="pi">:</span>
</code></pre></div></div>


      </section>
    
      <section
        aria-hidden="true"
        class="tabs-component-panel hidden"
        id="Universal"
        role="tabpanel"
        data-panel="Universal"
      >
        
<div class="language-yaml highlighter-rouge"><div class="highlight"><pre class="highlight"><code><span class="na">apiVersion</span><span class="pi">:</span> <span class="s">kuma.io/v1alpha1</span>
<span class="na">mesh</span><span class="pi">:</span> <span class="s">default</span>
<span class="na">kind</span><span class="pi">:</span> <span class="s">TrafficRoute</span>
<span class="na">metadata</span><span class="pi">:</span>
  <span class="na">name</span><span class="pi">:</span> <span class="s">route-example</span>
  <span class="na">namespace</span><span class="pi">:</span> <span class="s">test</span>
<span class="na">spec</span><span class="pi">:</span>
  <span class="na">to</span><span class="pi">:</span>
  <span class="pi">-</span> <span class="na">targetRef</span><span class="pi">:</span>
      <span class="na">kind</span><span class="pi">:</span> <span class="s">MeshService</span>
      <span class="na">name</span><span class="pi">:</span> <span class="s">example-service</span>
      <span class="na">namespace</span><span class="pi">:</span> <span class="s">test</span>
      <span class="na">sectionName</span><span class="pi">:</span>
</code></pre></div></div>


      </section>
    
  </div>
</div>